// Jest Snapshot v1, https://goo.gl/fbAQLP

exports[`matches snapshot 1`] = `
<div
  className="teamMemberForm "
>
  <div>
    <div
      className="headerTeamMemberForm"
    >
      <span
        className="headerTeamMemberFormText"
      >
        Add new team member
      </span>
      <button
        className="cancelButton"
        onClick={[Function]}
        type="button"
      >
        Cancel
      </button>
      <button
        className="saveButton"
        disabled={true}
        onClick={[Function]}
        type="button"
      >
        Save
      </button>
    </div>
  </div>
  <div
    className="personalDetailsTab"
  >
    Personal details
  </div>
  <form
    className="form"
    onSubmit={[Function]}
  >
    <div
      className="formColumnOne"
    >
      <div
        className="nameInputs"
      >
        <label
          className="labelFirstName"
          htmlFor="firstName"
        >
          First Name
          <styled.input
            isValid={true}
            maxLength={35}
            minLength={2}
            name="firstName"
            onBlur={[Function]}
            onChange={[Function]}
            required={true}
            value=""
          />
        </label>
        <label
          className="labelLastName"
          htmlFor="lastName"
        >
          Last Name
          <styled.input
            isValid={true}
            maxLength={35}
            minLength={2}
            name="lastName"
            onBlur={[Function]}
            onChange={[Function]}
            required={true}
            value=""
          />
        </label>
      </div>
      <label
        className="labelEmailAddress"
        htmlFor="emailAddress"
      >
        E-mail Address
        <styled.input
          isValid={true}
          maxLength={35}
          minLength={2}
          name="emailAddress"
          onBlur={[Function]}
          onChange={[Function]}
          required={true}
          value=""
        />
      </label>
      <label
        className="labelBio"
        htmlFor="bio"
      >
        Bio
        <styled.input
          isMultiLine={true}
          isValid={true}
          maxLength={35}
          minLength={2}
          name="bio"
          onBlur={[Function]}
          onChange={[Function]}
          required={true}
          value=""
        />
      </label>
    </div>
    <div
      className="formColumnTwo"
    >
      <label
        className="labelAddress"
        htmlFor="address"
      >
        Address
        <styled.input
          isValid={true}
          maxLength={35}
          minLength={2}
          name="address"
          onBlur={[Function]}
          onChange={[Function]}
          required={true}
          value=""
        />
      </label>
      <div
        className="localityPostalCodeInputs"
      >
        <label
          className="labelPostalCode"
          htmlFor="postalCode"
        >
          Postal code
          <styled.input
            isValid={true}
            maxLength={35}
            minLength={2}
            name="postalCode"
            onBlur={[Function]}
            onChange={[Function]}
            required={true}
            value=""
          />
        </label>
        <label
          className="labelLocality"
          htmlFor="locality"
        >
          Locality
          <styled.input
            isValid={true}
            maxLength={35}
            minLength={2}
            name="locality"
            onBlur={[Function]}
            onChange={[Function]}
            required={true}
            value=""
          />
        </label>
      </div>
      <label
        className="labelSocialProfiles"
        htmlFor="socialProfileOne"
      >
        Social Profiles
        <styled.input
          isValid={true}
          maxLength={35}
          minLength={2}
          name="socialProfileOne"
          onBlur={[Function]}
          onChange={[Function]}
          required={true}
          value=""
        />
        <styled.input
          isValid={true}
          maxLength={35}
          minLength={2}
          name="socialProfileTwo"
          onBlur={[Function]}
          onChange={[Function]}
          required={true}
          value=""
        />
      </label>
    </div>
  </form>
</div>
`;
